// Jest Snapshot v1, https://goo.gl/fbAQLP

exports[`the Modal component renders correctly with required and optional props 1`] = `
<div
  class="container modal__inner background--white modal--align-center modal--justify-center"
  data-testid="modal-item"
>
  <button
    class="button modal__close button--solid-black button--around"
    type="button"
  >
    <span
      class="typography button__content typography--size-18 typography--padding-xs typography--line-height-normal"
      data-testid="typography-item"
    >
      <svg
        fill="currentColor"
        height="1em"
        stroke="currentColor"
        stroke-width="0"
        viewBox="0 0 20 20"
        width="1em"
        xmlns="http://www.w3.org/2000/svg"
      >
        <path
          clip-rule="evenodd"
          d="M4.293 4.293a1 1 0 011.414 0L10 8.586l4.293-4.293a1 1 0 111.414 1.414L11.414 10l4.293 4.293a1 1 0 01-1.414 1.414L10 11.414l-4.293 4.293a1 1 0 01-1.414-1.414L8.586 10 4.293 5.707a1 1 0 010-1.414z"
          fill-rule="evenodd"
        />
      </svg>
    </span>
  </button>
  TEST TEXT
</div>
`;
