// Jest Snapshot v1, https://goo.gl/fbAQLP

exports[`the Link component renders correctly with required and optional props 1`] = `
<a
  class="link link--solid-blue test-class"
  href="/about"
>
  <span
    class="typography link__content typography--size-20 typography--line-height-normal"
    data-testid="typography-item"
  >
    test content
    <span
      class="link__arrow"
    >
      <svg
        class="link__arrow--hidden"
        fill="currentColor"
        height="1em"
        stroke="currentColor"
        stroke-width="0"
        viewBox="0 0 20 20"
        width="1em"
        xmlns="http://www.w3.org/2000/svg"
      >
        <path
          clip-rule="evenodd"
          d="M10.293 3.293a1 1 0 011.414 0l6 6a1 1 0 010 1.414l-6 6a1 1 0 01-1.414-1.414L14.586 11H3a1 1 0 110-2h11.586l-4.293-4.293a1 1 0 010-1.414z"
          fill-rule="evenodd"
        />
      </svg>
      <svg
        class="link__arrow--visible"
        fill="currentColor"
        height="1em"
        stroke="currentColor"
        stroke-width="0"
        viewBox="0 0 20 20"
        width="1em"
        xmlns="http://www.w3.org/2000/svg"
      >
        <path
          clip-rule="evenodd"
          d="M10.293 3.293a1 1 0 011.414 0l6 6a1 1 0 010 1.414l-6 6a1 1 0 01-1.414-1.414L14.586 11H3a1 1 0 110-2h11.586l-4.293-4.293a1 1 0 010-1.414z"
          fill-rule="evenodd"
        />
      </svg>
    </span>
  </span>
</a>
`;
